测试时间: [2019-02-27 22:37:30.998204]

测试对象: calculator

原例输入: 
glob is I
prok is V
pish is X
tegj is L
glob glob Silver is 34 Credits
glob prok Gold is 57800 Credits
pish pish Iron is 3910 Credits
how much is pish tegj glob glob ?
how many Credits is glob prok Silver ?
how many Credits is glob prok Gold ?
how many Credits is glob prok Iron ?

原例输出: 
pish tegj glob glob is 42
glob prok Silver is 68 Credits
glob prok Gold is 57800 Credits
glob prok Iron is 782 Credits

测试输入: 
glob is I
prok is V
pish is X
tegj is L
glob glob Silver is 34 Credits
glob prok Gold is 57800 Credits
pish pish Iron is 3910 Credits
how much is pish tegj glob glob ?
how many Credits is glob prok Silver ?
how many Credits is glob prok Gold ?
how many Credits is glob prok Iron ?

测试输出: 
pish tegj glob glob is 42
glob prok Silver is 68 Credits
glob prok Gold is 57800 Credits
glob prok Iron is 782 Credits

测试结果: 
calculator is ok

